[baseline] building dataset (graph-free) …
  [Dataset] 'S01': 16 epochs  EEG=(1500, 20)  ET=(600, 6)

[Channel Harmonization]
  Subject   : S01
  Strategy  : index-based (bad_channels.json)
  C_subj    : 20  →  RAW_MONTAGE_N : 24
  Missing   : ['X3', 'X2', 'X1', 'TRG']
  Filled with zeros.


[Channel Harmonization]
  Subject   : S01
  Strategy  : index-based (bad_channels.json)
  C_subj    : 20  →  RAW_MONTAGE_N : 24
  Missing   : ['X3', 'X2', 'X1', 'TRG']
  Filled with zeros.

  [Dataset] 'S01': pre-computed labels loaded [multimodal (EEG+ET, global threshold)]  15 epochs  EEG=(1500, 19)
  [Dataset] 'S02': 8 epochs  EEG=(1500, 24)  ET=(600, 6)
  [Dataset] 'S02': pre-computed labels loaded [multimodal (EEG+ET, global threshold)]  7 epochs  EEG=(1500, 19)
  [Dataset] 'S03': 7 epochs  EEG=(1500, 24)  ET=(600, 6)
  [Dataset] 'S03': pre-computed labels loaded [multimodal (EEG+ET, global threshold)]  6 epochs  EEG=(1500, 19)
  [Dataset] 'S05': 8 epochs  EEG=(1500, 24)  ET=(600, 6)
  [Dataset] 'S05': pre-computed labels loaded [multimodal (EEG+ET, global threshold)]  8 epochs  EEG=(1500, 19)
  [Dataset] 'S06': 9 epochs  EEG=(1500, 24)  ET=(600, 6)
  [Dataset] 'S06': pre-computed labels loaded [multimodal (EEG+ET, global threshold)]  8 epochs  EEG=(1500, 19)
  [Dataset] 'S07': 8 epochs  EEG=(1500, 24)  ET=(600, 6)
  [Dataset] 'S07': pre-computed labels loaded [multimodal (EEG+ET, global threshold)]  7 epochs  EEG=(1500, 19)
  [Dataset] 'S08': 17 epochs  EEG=(1500, 24)  ET=(600, 6)
  [Dataset] 'S08': pre-computed labels loaded [multimodal (EEG+ET, global threshold)]  16 epochs  EEG=(1500, 19)
  [Dataset] 'S09': 11 epochs  EEG=(1500, 24)  ET=(600, 6)
  [Dataset] 'S09': pre-computed labels loaded [multimodal (EEG+ET, global threshold)]  10 epochs  EEG=(1500, 19)
  [Dataset] 'S10': 13 epochs  EEG=(1500, 24)  ET=(600, 6)
  [Dataset] 'S10': pre-computed labels loaded [multimodal (EEG+ET, global threshold)]  12 epochs  EEG=(1500, 19)
  [Dataset] 'S12': 8 epochs  EEG=(1500, 24)  ET=(600, 6)
  [Dataset] 'S12': pre-computed labels loaded [multimodal (EEG+ET, global threshold)]  7 epochs  EEG=(1500, 19)
  [Dataset] 'S13': 7 epochs  EEG=(1500, 24)  ET=(600, 6)
  [Dataset] 'S13': pre-computed labels loaded [multimodal (EEG+ET, global threshold)]  6 epochs  EEG=(1500, 19)
  [Dataset] 'S14': 9 epochs  EEG=(1500, 24)  ET=(600, 6)
  [Dataset] 'S14': pre-computed labels loaded [multimodal (EEG+ET, global threshold)]  8 epochs  EEG=(1500, 19)
  [Dataset] 'S15': 7 epochs  EEG=(1500, 24)  ET=(600, 6)
  [Dataset] 'S15': pre-computed labels loaded [multimodal (EEG+ET, global threshold)]  6 epochs  EEG=(1500, 19)
  [Dataset] 'S16': 10 epochs  EEG=(1500, 24)  ET=(600, 6)
  [Dataset] 'S16': pre-computed labels loaded [multimodal (EEG+ET, global threshold)]  8 epochs  EEG=(1500, 19)
  [Dataset] 'S17': 8 epochs  EEG=(1500, 24)  ET=(600, 6)
  [Dataset] 'S17': pre-computed labels loaded [multimodal (EEG+ET, global threshold)]  7 epochs  EEG=(1500, 19)
  [Dataset] 'S18': 16 epochs  EEG=(1500, 24)  ET=(600, 6)
  [Dataset] 'S18': pre-computed labels loaded [multimodal (EEG+ET, global threshold)]  14 epochs  EEG=(1500, 19)
  [Dataset] 'S19': 18 epochs  EEG=(1500, 24)  ET=(600, 6)
  [Dataset] 'S19': pre-computed labels loaded [multimodal (EEG+ET, global threshold)]  17 epochs  EEG=(1500, 19)
  [Dataset] 'S20': 8 epochs  EEG=(1500, 24)  ET=(600, 6)
  [Dataset] 'S20': pre-computed labels loaded [multimodal (EEG+ET, global threshold)]  7 epochs  EEG=(1500, 19)
  [Dataset] 'S21': 7 epochs  EEG=(1500, 24)  ET=(600, 6)
  [Dataset] 'S21': pre-computed labels loaded [multimodal (EEG+ET, global threshold)]  6 epochs  EEG=(1500, 19)
  [Dataset] 'S22': 16 epochs  EEG=(1500, 24)  ET=(600, 6)
  [Dataset] 'S22': pre-computed labels loaded [multimodal (EEG+ET, global threshold)]  14 epochs  EEG=(1500, 19)
  [Dataset] 'S23': 13 epochs  EEG=(1500, 24)  ET=(600, 6)
  [Dataset] 'S23': pre-computed labels loaded [multimodal (EEG+ET, global threshold)]  12 epochs  EEG=(1500, 19)
  [Dataset] 'S24': 14 epochs  EEG=(1500, 24)  ET=(600, 6)
  [Dataset] 'S24': pre-computed labels loaded [multimodal (EEG+ET, global threshold)]  13 epochs  EEG=(1500, 19)
  [Dataset] 'S25': 15 epochs  EEG=(1500, 24)  ET=(600, 6)
  [Dataset] 'S25': pre-computed labels loaded [multimodal (EEG+ET, global threshold)]  14 epochs  EEG=(1500, 19)
  [Dataset] 'S26': 8 epochs  EEG=(1500, 24)  ET=(600, 6)
  [Dataset] 'S26': pre-computed labels loaded [multimodal (EEG+ET, global threshold)]  7 epochs  EEG=(1500, 19)
  [Dataset] 'S27': 8 epochs  EEG=(1500, 24)  ET=(600, 6)
  [Dataset] 'S27': pre-computed labels loaded [multimodal (EEG+ET, global threshold)]  7 epochs  EEG=(1500, 19)
  [Dataset] 'S28': 8 epochs  EEG=(1500, 24)  ET=(600, 6)
  [Dataset] 'S28': pre-computed labels loaded [multimodal (EEG+ET, global threshold)]  7 epochs  EEG=(1500, 19)
  [Dataset] 'S29': 22 epochs  EEG=(1500, 24)  ET=(600, 6)
  [Dataset] 'S29': pre-computed labels loaded [multimodal (EEG+ET, global threshold)]  20 epochs  EEG=(1500, 19)
  [Dataset] 'S30': 14 epochs  EEG=(1500, 24)  ET=(600, 6)
  [Dataset] 'S30': pre-computed labels loaded [multimodal (EEG+ET, global threshold)]  13 epochs  EEG=(1500, 19)
  [Dataset] 'S31': 10 epochs  EEG=(1500, 24)  ET=(600, 6)
  [Dataset] 'S31': pre-computed labels loaded [multimodal (EEG+ET, global threshold)]  8 epochs  EEG=(1500, 19)
  [Dataset] 'S32': 8 epochs  EEG=(1500, 24)  ET=(600, 6)
  [Dataset] 'S32': pre-computed labels loaded [multimodal (EEG+ET, global threshold)]  7 epochs  EEG=(1500, 19)
  [Dataset] 'S33': 7 epochs  EEG=(1500, 24)  ET=(600, 6)
  [Dataset] 'S33': pre-computed labels loaded [multimodal (EEG+ET, global threshold)]  6 epochs  EEG=(1500, 19)
  [Dataset] 'S34': 8 epochs  EEG=(1500, 24)  ET=(600, 6)
  [Dataset] 'S34': pre-computed labels loaded [multimodal (EEG+ET, global threshold)]  7 epochs  EEG=(1500, 19)
  [Dataset] 'S35': 7 epochs  EEG=(1500, 24)  ET=(600, 6)
  [Dataset] 'S35': pre-computed labels loaded [multimodal (EEG+ET, global threshold)]  6 epochs  EEG=(1500, 19)
  [Dataset] 'S36': 8 epochs  EEG=(1500, 24)  ET=(600, 6)
  [Dataset] 'S36': pre-computed labels loaded [multimodal (EEG+ET, global threshold)]  7 epochs  EEG=(1500, 19)
  [Dataset] 'S37': 10 epochs  EEG=(1500, 24)  ET=(600, 6)
  [Dataset] 'S37': pre-computed labels loaded [multimodal (EEG+ET, global threshold)]  8 epochs  EEG=(1500, 19)
  [Dataset] 'S38': 11 epochs  EEG=(1500, 24)  ET=(600, 6)
  [Dataset] 'S38': pre-computed labels loaded [multimodal (EEG+ET, global threshold)]  10 epochs  EEG=(1500, 19)
  [Dataset] 'S39': 8 epochs  EEG=(1500, 24)  ET=(600, 6)
  [Dataset] 'S39': pre-computed labels loaded [multimodal (EEG+ET, global threshold)]  7 epochs  EEG=(1500, 19)
  [Dataset] 'S40': 8 epochs  EEG=(1500, 24)  ET=(600, 6)
  [Dataset] 'S40': pre-computed labels loaded [multimodal (EEG+ET, global threshold)]  7 epochs  EEG=(1500, 19)
  [Dataset] 'S41': 10 epochs  EEG=(1500, 24)  ET=(600, 6)
  [Dataset] 'S41': pre-computed labels loaded [multimodal (EEG+ET, global threshold)]  9 epochs  EEG=(1500, 19)
  [Dataset] 'S42': 7 epochs  EEG=(1500, 24)  ET=(600, 6)
  [Dataset] 'S42': pre-computed labels loaded [multimodal (EEG+ET, global threshold)]  7 epochs  EEG=(1500, 19)
  [Dataset] 'S43': 8 epochs  EEG=(1500, 24)  ET=(600, 6)
  [Dataset] 'S43': pre-computed labels loaded [multimodal (EEG+ET, global threshold)]  7 epochs  EEG=(1500, 19)
  [Dataset] 'S44': 8 epochs  EEG=(1500, 24)  ET=(600, 6)
  [Dataset] 'S44': pre-computed labels loaded [multimodal (EEG+ET, global threshold)]  7 epochs  EEG=(1500, 19)

  [Dataset] Engagement distribution (385 epochs):
    LOW_ENGAGEMENT: 192  (49.9%)
    HIGH_ENGAGEMENT: 193  (50.1%)
[baseline] N=385 epochs  C=19  T=1500  subjects=42  regime=tuned(n=12)
[baseline] validation-subject rule: legacy
[baseline] label: stored

========== shallow_et ==========
  fold 01  S01 bal=0.750 auc=0.841 mcc=+0.650 | val_bal=1.00 cfg={'lr': 0.003, 'wd': 0.001, 'batch_size': 32, 'drop': 0.5} ep=16
  fold 02  S02 bal=0.900 auc=1.000 mcc=+0.730 | val_bal=1.00 cfg={'lr': 0.001, 'wd': 0.0001, 'batch_size': 32, 'drop': None} ep=11
  fold 03  S03 bal=0.400 auc=0.800 mcc=-0.200 | val_bal=1.00 cfg={'lr': 0.003, 'wd': 0.001, 'batch_size': 32, 'drop': 0.4} ep=1
