[baseline] building dataset (graph-free) …
  [Dataset] 'S01': 16 epochs  EEG=(1500, 20)  ET=(600, 6)

[Channel Harmonization]
  Subject   : S01
  Strategy  : index-based (bad_channels.json)
  C_subj    : 20  →  RAW_MONTAGE_N : 24
  Missing   : ['X3', 'X2', 'X1', 'TRG']
  Filled with zeros.


[Channel Harmonization]
  Subject   : S01
  Strategy  : index-based (bad_channels.json)
  C_subj    : 20  →  RAW_MONTAGE_N : 24
  Missing   : ['X3', 'X2', 'X1', 'TRG']
  Filled with zeros.

  [Dataset] 'S01': pre-computed labels loaded [product-level purchase (behavioural: one 5-s epoch per viewed product, Q77)]  34 epochs  EEG=(1500, 19)
  [Dataset] 'S02': 8 epochs  EEG=(1500, 24)  ET=(600, 6)
  [Dataset] 'S02': pre-computed labels loaded [product-level purchase (behavioural: one 5-s epoch per viewed product, Q77)]  66 epochs  EEG=(1500, 19)
  [Dataset] 'S03': 7 epochs  EEG=(1500, 24)  ET=(600, 6)
  [Dataset] 'S03': pre-computed labels loaded [product-level purchase (behavioural: one 5-s epoch per viewed product, Q77)]  33 epochs  EEG=(1500, 19)
  [Dataset] 'S05': 8 epochs  EEG=(1500, 24)  ET=(600, 6)
  [Dataset] 'S05': pre-computed labels loaded [product-level purchase (behavioural: one 5-s epoch per viewed product, Q77)]  60 epochs  EEG=(1500, 19)
  [Dataset] 'S06': 9 epochs  EEG=(1500, 24)  ET=(600, 6)
  [Dataset] 'S06': pre-computed labels loaded [product-level purchase (behavioural: one 5-s epoch per viewed product, Q77)]  93 epochs  EEG=(1500, 19)
  [Dataset] 'S07': 8 epochs  EEG=(1500, 24)  ET=(600, 6)
  [Dataset] 'S07': pre-computed labels loaded [product-level purchase (behavioural: one 5-s epoch per viewed product, Q77)]  47 epochs  EEG=(1500, 19)
  [Dataset] 'S08': 17 epochs  EEG=(1500, 24)  ET=(600, 6)
  [Dataset] 'S08': pre-computed labels loaded [product-level purchase (behavioural: one 5-s epoch per viewed product, Q77)]  52 epochs  EEG=(1500, 19)
  [Dataset] 'S09': 11 epochs  EEG=(1500, 24)  ET=(600, 6)
  [Dataset] 'S09': pre-computed labels loaded [product-level purchase (behavioural: one 5-s epoch per viewed product, Q77)]  42 epochs  EEG=(1500, 19)
  [Dataset] 'S10': 13 epochs  EEG=(1500, 24)  ET=(600, 6)
  [Dataset] 'S10': pre-computed labels loaded [product-level purchase (behavioural: one 5-s epoch per viewed product, Q77)]  27 epochs  EEG=(1500, 19)
  [Dataset] 'S12': 8 epochs  EEG=(1500, 24)  ET=(600, 6)
  [Dataset] 'S12': pre-computed labels loaded [product-level purchase (behavioural: one 5-s epoch per viewed product, Q77)]  50 epochs  EEG=(1500, 19)
  [Dataset] 'S13': 7 epochs  EEG=(1500, 24)  ET=(600, 6)
  [Dataset] 'S13': pre-computed labels loaded [product-level purchase (behavioural: one 5-s epoch per viewed product, Q77)]  110 epochs  EEG=(1500, 19)
  [Dataset] 'S14': 9 epochs  EEG=(1500, 24)  ET=(600, 6)
  [Dataset] 'S14': pre-computed labels loaded [product-level purchase (behavioural: one 5-s epoch per viewed product, Q77)]  49 epochs  EEG=(1500, 19)
  [Dataset] 'S15': 7 epochs  EEG=(1500, 24)  ET=(600, 6)
  [Dataset] 'S15': pre-computed labels loaded [product-level purchase (behavioural: one 5-s epoch per viewed product, Q77)]  73 epochs  EEG=(1500, 19)
  [Dataset] 'S16': 10 epochs  EEG=(1500, 24)  ET=(600, 6)
  [Dataset] 'S16': pre-computed labels loaded [product-level purchase (behavioural: one 5-s epoch per viewed product, Q77)]  57 epochs  EEG=(1500, 19)
  [Dataset] 'S17': 8 epochs  EEG=(1500, 24)  ET=(600, 6)
  [Dataset] 'S17': pre-computed labels loaded [product-level purchase (behavioural: one 5-s epoch per viewed product, Q77)]  28 epochs  EEG=(1500, 19)
  [Dataset] 'S18': 16 epochs  EEG=(1500, 24)  ET=(600, 6)
  [Dataset] 'S18': pre-computed labels loaded [product-level purchase (behavioural: one 5-s epoch per viewed product, Q77)]  110 epochs  EEG=(1500, 19)
  [Dataset] 'S19': 18 epochs  EEG=(1500, 24)  ET=(600, 6)
  [Dataset] 'S19': pre-computed labels loaded [product-level purchase (behavioural: one 5-s epoch per viewed product, Q77)]  106 epochs  EEG=(1500, 19)
  [Dataset] 'S20': 8 epochs  EEG=(1500, 24)  ET=(600, 6)
  [Dataset] 'S20': pre-computed labels loaded [product-level purchase (behavioural: one 5-s epoch per viewed product, Q77)]  71 epochs  EEG=(1500, 19)
  [Dataset] 'S21': 7 epochs  EEG=(1500, 24)  ET=(600, 6)
  [Dataset] 'S21': pre-computed labels loaded [product-level purchase (behavioural: one 5-s epoch per viewed product, Q77)]  51 epochs  EEG=(1500, 19)
  [Dataset] 'S22': 16 epochs  EEG=(1500, 24)  ET=(600, 6)
  [Dataset] 'S22': pre-computed labels loaded [product-level purchase (behavioural: one 5-s epoch per viewed product, Q77)]  31 epochs  EEG=(1500, 19)
  [Dataset] 'S23': 13 epochs  EEG=(1500, 24)  ET=(600, 6)
  [Dataset] 'S23': pre-computed labels loaded [product-level purchase (behavioural: one 5-s epoch per viewed product, Q77)]  128 epochs  EEG=(1500, 19)
  [Dataset] 'S24': 14 epochs  EEG=(1500, 24)  ET=(600, 6)
  [Dataset] 'S24': pre-computed labels loaded [product-level purchase (behavioural: one 5-s epoch per viewed product, Q77)]  96 epochs  EEG=(1500, 19)
  [Dataset] 'S25': 15 epochs  EEG=(1500, 24)  ET=(600, 6)
  [Dataset] 'S25': pre-computed labels loaded [product-level purchase (behavioural: one 5-s epoch per viewed product, Q77)]  39 epochs  EEG=(1500, 19)
  [Dataset] 'S26': 8 epochs  EEG=(1500, 24)  ET=(600, 6)
  [Dataset] 'S26': pre-computed labels loaded [product-level purchase (behavioural: one 5-s epoch per viewed product, Q77)]  19 epochs  EEG=(1500, 19)
  [Dataset] 'S27': 8 epochs  EEG=(1500, 24)  ET=(600, 6)
  [Dataset] 'S27': pre-computed labels loaded [product-level purchase (behavioural: one 5-s epoch per viewed product, Q77)]  33 epochs  EEG=(1500, 19)
  [Dataset] 'S28': 8 epochs  EEG=(1500, 24)  ET=(600, 6)
  [Dataset] 'S28': pre-computed labels loaded [product-level purchase (behavioural: one 5-s epoch per viewed product, Q77)]  47 epochs  EEG=(1500, 19)
  [Dataset] 'S29': 22 epochs  EEG=(1500, 24)  ET=(600, 6)
  [Dataset] 'S29': pre-computed labels loaded [product-level purchase (behavioural: one 5-s epoch per viewed product, Q77)]  61 epochs  EEG=(1500, 19)
  [Dataset] 'S30': 14 epochs  EEG=(1500, 24)  ET=(600, 6)
  [Dataset] 'S30': pre-computed labels loaded [product-level purchase (behavioural: one 5-s epoch per viewed product, Q77)]  17 epochs  EEG=(1500, 19)
  [Dataset] 'S31': 10 epochs  EEG=(1500, 24)  ET=(600, 6)
  [Dataset] 'S31': pre-computed labels loaded [product-level purchase (behavioural: one 5-s epoch per viewed product, Q77)]  24 epochs  EEG=(1500, 19)
  [Dataset] 'S32': 8 epochs  EEG=(1500, 24)  ET=(600, 6)
  [Dataset] 'S32': pre-computed labels loaded [product-level purchase (behavioural: one 5-s epoch per viewed product, Q77)]  87 epochs  EEG=(1500, 19)
  [Dataset] 'S33': 7 epochs  EEG=(1500, 24)  ET=(600, 6)
  [Dataset] 'S33': pre-computed labels loaded [product-level purchase (behavioural: one 5-s epoch per viewed product, Q77)]  34 epochs  EEG=(1500, 19)
  [Dataset] 'S34': 8 epochs  EEG=(1500, 24)  ET=(600, 6)
  [Dataset] 'S34': pre-computed labels loaded [product-level purchase (behavioural: one 5-s epoch per viewed product, Q77)]  68 epochs  EEG=(1500, 19)
  [Dataset] 'S35': 7 epochs  EEG=(1500, 24)  ET=(600, 6)
  [Dataset] 'S35': pre-computed labels loaded [product-level purchase (behavioural: one 5-s epoch per viewed product, Q77)]  55 epochs  EEG=(1500, 19)
  [Dataset] 'S36': 8 epochs  EEG=(1500, 24)  ET=(600, 6)
  [Dataset] 'S36': pre-computed labels loaded [product-level purchase (behavioural: one 5-s epoch per viewed product, Q77)]  49 epochs  EEG=(1500, 19)
  [Dataset] 'S37': 10 epochs  EEG=(1500, 24)  ET=(600, 6)
  [Dataset] 'S37': pre-computed labels loaded [product-level purchase (behavioural: one 5-s epoch per viewed product, Q77)]  91 epochs  EEG=(1500, 19)
  [Dataset] 'S38': 11 epochs  EEG=(1500, 24)  ET=(600, 6)
  [Dataset] 'S38': pre-computed labels loaded [product-level purchase (behavioural: one 5-s epoch per viewed product, Q77)]  69 epochs  EEG=(1500, 19)
  [Dataset] 'S39': 8 epochs  EEG=(1500, 24)  ET=(600, 6)
  [Dataset] 'S39': pre-computed labels loaded [product-level purchase (behavioural: one 5-s epoch per viewed product, Q77)]  53 epochs  EEG=(1500, 19)
  [Dataset] 'S40': 8 epochs  EEG=(1500, 24)  ET=(600, 6)
  [Dataset] 'S40': pre-computed labels loaded [product-level purchase (behavioural: one 5-s epoch per viewed product, Q77)]  45 epochs  EEG=(1500, 19)
  [Dataset] 'S41': 10 epochs  EEG=(1500, 24)  ET=(600, 6)
  [Dataset] 'S41': pre-computed labels loaded [product-level purchase (behavioural: one 5-s epoch per viewed product, Q77)]  16 epochs  EEG=(1500, 19)
  [Dataset] 'S42': 7 epochs  EEG=(1500, 24)  ET=(600, 6)
  [Dataset] 'S42': pre-computed labels loaded [product-level purchase (behavioural: one 5-s epoch per viewed product, Q77)]  33 epochs  EEG=(1500, 19)
  [Dataset] 'S43': 8 epochs  EEG=(1500, 24)  ET=(600, 6)
  [Dataset] 'S43': pre-computed labels loaded [product-level purchase (behavioural: one 5-s epoch per viewed product, Q77)]  25 epochs  EEG=(1500, 19)
  [Dataset] 'S44': 8 epochs  EEG=(1500, 24)  ET=(600, 6)
  [Dataset] 'S44': pre-computed labels loaded [product-level purchase (behavioural: one 5-s epoch per viewed product, Q77)]  59 epochs  EEG=(1500, 19)

  [Dataset] Engagement distribution (2338 epochs):
    LOW_ENGAGEMENT: 1920  (82.1%)
    HIGH_ENGAGEMENT: 418  (17.9%)
[baseline] N=2338 epochs  C=19  T=1500  subjects=42  regime=tuned(n=12)
[baseline] validation-subject rule: legacy
[baseline] label: stored

========== eegnet ==========
